2025-01-31 16:43:01 - 构建镜像版本：1.0.7
2025-01-31 16:43:03 - 推送镜像版本：1.0.7
2025-01-31 20:45:42 - 构建镜像版本：1.0.8
2025-01-31 20:45:46 - 推送镜像版本：1.0.8
2025-01-31 20:49:34 - 构建镜像版本：1.0.9
2025-01-31 20:49:36 - 推送镜像版本：1.0.9
2025-02-06 00:01:36 - 构建镜像版本：1.0.10
2025-02-06 00:01:36 - 推送镜像版本：1.0.10
2025-02-06 00:02:26 - 构建镜像版本：1.0.10
2025-02-06 00:02:26 - 推送镜像版本：1.0.10
2025-02-06 00:03:35 - 构建镜像版本：1.0.10
2025-02-06 00:04:31 - 推送镜像版本：1.0.10
2025-02-06 00:23:43 - 构建镜像版本：1.1.0
2025-02-06 00:24:39 - 推送镜像版本：1.1.0
2025-02-06 16:40:17 - 构建镜像版本：1.1.1
2025-02-06 16:41:24 - 推送镜像版本：1.1.1
2025-02-07 10:36:31 - 成功构建项目：1.1.2
2025-02-07 10:36:32 - 构建镜像版本：1.1.2
2025-02-07 10:36:33 - 推送镜像版本：1.1.2
2025-02-07 10:37:03 - 成功构建项目：1.1.2
2025-02-07 10:37:07 - 构建镜像版本：1.1.2
2025-02-07 10:37:58 - 推送镜像版本：1.1.2
2025-02-07 10:52:17 - 成功构建项目：1.1.3
2025-02-07 10:52:22 - 构建镜像版本：1.1.3
开始打标签，版本号：1.1.3
开始打标签，版本号：latest
开始推送镜像，版本号：1.1.3
开始推送镜像，版本号：latest
2025-02-07 10:52:48 - 完成更新镜像版本：1.1.3
2025-02-07 21:54:09 - 成功构建项目：1.1.4
2025-02-07 21:54:19 - 构建镜像版本：1.1.4
开始打标签，版本号：1.1.4
开始打标签，版本号：latest
开始推送镜像，版本号：1.1.4
开始推送镜像，版本号：latest
2025-02-07 21:55:18 - 完成更新镜像版本：1.1.4
2025-02-07 21:56:06 - 成功构建项目：1.1.5
2025-02-07 21:56:09 - 构建镜像版本：1.1.5
开始打标签，版本号：1.1.5
开始打标签，版本号：latest
开始推送镜像，版本号：1.1.5
开始推送镜像，版本号：latest
2025-02-07 21:56:52 - 完成更新镜像版本：1.1.5
2025-02-12 13:11:53 - 成功构建项目：1.1.6
2025-02-12 13:11:58 - 构建镜像版本：1.1.6
开始打标签，版本号：1.1.6
开始打标签，版本号：latest
开始推送镜像，版本号：1.1.6
开始推送镜像，版本号：latest
2025-02-12 13:12:43 - 完成更新镜像版本：1.1.6
2025-02-12 15:10:00 - 成功构建项目：1.1.7-beta
2025-02-12 15:10:02 - 构建镜像版本：1.1.7-beta
开始打标签，版本号：1.1.7-beta
开始打标签，版本号：latest
开始推送镜像，版本号：1.1.7-beta
开始推送镜像，版本号：latest
2025-02-12 15:10:05 - 完成更新镜像版本：1.1.7-beta
2025-02-12 15:11:44 - 成功构建项目：1.1.7-beta2
2025-02-12 15:11:47 - 构建镜像版本：1.1.7-beta2
开始打标签，版本号：1.1.7-beta2
开始打标签，版本号：latest
开始推送镜像，版本号：1.1.7-beta2
开始推送镜像，版本号：latest
2025-02-12 15:12:18 - 完成更新镜像版本：1.1.7-beta2
2025-02-14 10:29:51 - 成功构建项目：1.1.7-beta3
2025-02-14 10:29:56 - 构建镜像版本：1.1.7-beta3
开始打标签，版本号：1.1.7-beta3
开始打标签，版本号：latest
开始推送镜像，版本号：1.1.7-beta3
开始推送镜像，版本号：latest
2025-02-14 10:30:38 - 完成更新镜像版本：1.1.7-beta3
2025-02-15 22:05:34 - 成功构建项目：1.1.7-beta4
2025-02-15 22:05:37 - 构建镜像版本：1.1.7-beta4
开始打标签，版本号：1.1.7-beta4
开始打标签，版本号：latest
开始推送镜像，版本号：1.1.7-beta4
开始推送镜像，版本号：latest
2025-02-15 22:05:40 - 完成更新镜像版本：1.1.7-beta4
2025-02-23 22:20:11 - 成功构建项目：1.1.7-beta5
2025-02-23 22:20:16 - 构建镜像版本：1.1.7-beta5
开始打标签，版本号：1.1.7-beta5
开始打标签，版本号：latest
开始推送镜像，版本号：1.1.7-beta5
开始推送镜像，版本号：latest
2025-02-23 22:20:23 - 完成更新镜像版本：1.1.7-beta5
2025-02-23 22:33:33 - 成功构建项目：1.1.7-beta6
2025-02-23 22:33:36 - 构建镜像版本：1.1.7-beta6
开始打标签，版本号：1.1.7-beta6
开始打标签，版本号：latest
开始推送镜像，版本号：1.1.7-beta6
开始推送镜像，版本号：latest
2025-02-23 22:33:38 - 完成更新镜像版本：1.1.7-beta6
2025-02-23 22:38:29 - 成功构建项目：1.1.7-beta7
2025-02-23 22:38:33 - 构建镜像版本：1.1.7-beta7
开始打标签，版本号：1.1.7-beta7
开始打标签，版本号：latest
开始推送镜像，版本号：1.1.7-beta7
开始推送镜像，版本号：latest
2025-02-23 22:38:41 - 完成更新镜像版本：1.1.7-beta7
2025-02-23 22:41:07 - 成功构建项目：1.1.7-beta8
2025-02-23 22:41:09 - 构建镜像版本：1.1.7-beta8
开始打标签，版本号：1.1.7-beta8
开始打标签，版本号：latest
开始推送镜像，版本号：1.1.7-beta8
开始推送镜像，版本号：latest
2025-02-23 22:41:14 - 完成更新镜像版本：1.1.7-beta8
2025-02-23 22:44:56 - 成功构建项目：1.1.7-beta9
2025-02-23 22:44:58 - 构建镜像版本：1.1.7-beta9
开始打标签，版本号：1.1.7-beta9
开始打标签，版本号：latest
开始推送镜像，版本号：1.1.7-beta9
开始推送镜像，版本号：latest
2025-02-23 22:45:05 - 完成更新镜像版本：1.1.7-beta9
2025-02-24 01:28:31 - 成功构建项目：1.1.7-beta10
2025-02-24 01:28:35 - 构建镜像版本：1.1.7-beta10
开始打标签，版本号：1.1.7-beta10
开始打标签，版本号：latest
开始推送镜像，版本号：1.1.7-beta10
开始推送镜像，版本号：latest
2025-02-24 01:28:44 - 完成更新镜像版本：1.1.7-beta10
2025-02-24 01:29:57 - 成功构建项目：1.1.7-beta10
2025-02-24 01:29:59 - 构建镜像版本：1.1.7-beta10
开始打标签，版本号：1.1.7-beta10
开始打标签，版本号：latest
开始推送镜像，版本号：1.1.7-beta10
开始推送镜像，版本号：latest
2025-02-24 01:30:03 - 完成更新镜像版本：1.1.7-beta10
2025-02-24 01:41:21 - 成功构建项目：1.1.7-beta11
2025-02-24 01:41:22 - 构建镜像版本：1.1.7-beta11
开始打标签，版本号：1.1.7-beta11
开始打标签，版本号：latest
开始推送镜像，版本号：1.1.7-beta11
开始推送镜像，版本号：latest
2025-02-24 01:41:25 - 完成更新镜像版本：1.1.7-beta11
2025-02-24 01:42:31 - 成功构建项目：1.1.7-beta11
2025-02-24 01:42:32 - 构建镜像版本：1.1.7-beta11
开始打标签，版本号：1.1.7-beta11
开始打标签，版本号：latest
开始推送镜像，版本号：1.1.7-beta11
开始推送镜像，版本号：latest
2025-02-24 01:42:34 - 完成更新镜像版本：1.1.7-beta11
2025-02-24 01:45:04 - 成功构建项目：1.1.7-beta12
2025-02-24 01:45:04 - 构建镜像版本：1.1.7-beta12
开始打标签，版本号：1.1.7-beta12
开始打标签，版本号：latest
开始推送镜像，版本号：1.1.7-beta12
开始推送镜像，版本号：latest
2025-02-24 01:45:07 - 完成更新镜像版本：1.1.7-beta12
2025-02-24 01:47:01 - 成功构建项目：1.1.7-beta12
2025-02-24 01:47:02 - 构建镜像版本：1.1.7-beta12
开始打标签，版本号：1.1.7-beta12
开始打标签，版本号：latest
开始推送镜像，版本号：1.1.7-beta12
开始推送镜像，版本号：latest
2025-02-24 01:47:04 - 完成更新镜像版本：1.1.7-beta12
2025-02-24 01:51:46 - 成功构建项目：1.1.7-beta11
2025-02-24 01:51:47 - 构建镜像版本：1.1.7-beta11
开始打标签，版本号：1.1.7-beta11
开始打标签，版本号：latest
开始推送镜像，版本号：1.1.7-beta11
开始推送镜像，版本号：latest
2025-02-24 01:51:49 - 完成更新镜像版本：1.1.7-beta11
2025-02-24 01:52:30 - 成功构建项目：1.1.7-beta11
2025-02-24 01:52:33 - 构建镜像版本：1.1.7-beta11
开始打标签，版本号：1.1.7-beta11
开始打标签，版本号：latest
开始推送镜像，版本号：1.1.7-beta11
开始推送镜像，版本号：latest
2025-02-24 01:52:41 - 完成更新镜像版本：1.1.7-beta11
2025-02-24 02:03:15 - 成功构建项目：1.1.7-beta12
2025-02-24 02:03:19 - 构建镜像版本：1.1.7-beta12
开始打标签，版本号：1.1.7-beta12
开始打标签，版本号：latest
开始推送镜像，版本号：1.1.7-beta12
开始推送镜像，版本号：latest
2025-02-24 02:03:25 - 完成更新镜像版本：1.1.7-beta12
2025-02-24 02:30:29 - 成功构建项目：1.1.7-beta13
2025-02-24 02:30:36 - 构建镜像版本：1.1.7-beta13
开始打标签，版本号：1.1.7-beta13
开始打标签，版本号：latest
开始推送镜像，版本号：1.1.7-beta13
开始推送镜像，版本号：latest
2025-02-24 02:30:44 - 完成更新镜像版本：1.1.7-beta13
2025-02-24 02:36:03 - 成功构建项目：1.1.7-beta13
2025-02-24 02:36:06 - 构建镜像版本：1.1.7-beta13
开始打标签，版本号：1.1.7-beta13
开始打标签，版本号：latest
开始推送镜像，版本号：1.1.7-beta13
开始推送镜像，版本号：latest
2025-02-24 02:36:16 - 完成更新镜像版本：1.1.7-beta13
2025-04-09 10:33:14 - 成功构建项目：1.1.7-beta14
2025-04-09 10:33:22 - 构建镜像版本：1.1.7-beta14
开始打标签，版本号：1.1.7-beta14
开始打标签，版本号：latest
开始推送镜像，版本号：1.1.7-beta14
开始推送镜像，版本号：latest
2025-04-09 10:33:29 - 完成更新镜像版本：1.1.7-beta14
2025-04-09 10:35:58 - 成功构建项目：1.1.7-beta14
2025-04-09 10:35:59 - 构建镜像版本：1.1.7-beta14
开始打标签，版本号：1.1.7-beta14
开始打标签，版本号：latest
开始推送镜像，版本号：1.1.7-beta14
开始推送镜像，版本号：latest
2025-04-09 10:36:02 - 完成更新镜像版本：1.1.7-beta14
